<div style="width: 100%; height: 4px;"></div>
<img ng-src="images/dot_{{getColor(row.getProperty('arm_approved'))}}.png"
     alt=""/>