<img ng-click="AppFactory.clickDISTAPP(row.entity)"
     ng-src="images/dot_{{getColor(row.getProperty('dist_approved'))}}.png"
     alt=""/>